uuid: 68c0f8d4-5a99-4798-9cd6-69dd2d5986ca
langcode: en
status: true
dependencies:
  module:
    - lms
_core:
  default_config_hash: QLSAvThutGVygvmoZfh6RVtNGDogP-VQZ3-H5s68FE0
id: lms_activity.bool_expected
field_name: bool_expected
entity_type: lms_activity
type: boolean
settings: {  }
module: core
locked: true
cardinality: 1
translatable: true
indexes: {  }
persist_with_no_fields: false
custom_storage: false
